         160         225           7         128        1280         225           0
         111         165         163         136           8         164         162         139         138
         109         171         167         145         135         169         166         144         137
         108         145         135         143         136         144         137         142         139
         110         167         165         135         136         166         164         137         139
         111         143         136         141           8         142         139         140         138
         103         143         141         131           7         142         140         134         133
         101         171         145         170         130         169         144         168         132
         100         170         130         175         131         168         132         173         134
         102         145         143         130         131         144         142         132         134
         103         175         131         174           7         173         134         172         133
         127         175         174         152           6         173         172         155         154
         125         171         170         161         151         169         168         160         153
         124         161         151         159         152         160         153         158         155
         126         170         175         151         152         168         173         153         155
         127         159         152         157           6         158         155         156         154
         119         159         157         147           5         158         156         150         149
         117         171         161         167         146         169         160         166         148
         116         167         146         165         147         166         148         164         150
         118         161         159         146         147         160         158         148         150
         119         165         147         163           5         164         150         162         149
         107         164         162         139         138         200         199         198         197
         105         169         166         144         137         196         195         194         193
         104         144         137         142         139         194         193         192         198
         106         166         164         137         139         195         200         193         198
         107         142         139         140         138         192         198         191         197
          99         142         140         134         133         192         191         190         189
          97         169         144         168         132         196         194         188         187
          96         168         132         173         134         188         187         186         190
          98         144         142         132         134         194         192         187         190
          99         173         134         172         133         186         190         185         189
         123         173         172         155         154         186         185         184         183
         121         169         168         160         153         196         188         182         181
         120         160         153         158         155         182         181         180         184
         122         168         173         153         155         188         186         181         184
         123         158         155         156         154         180         184         179         183
         115         158         156         150         149         180         179         178         177
         113         169         160         166         148         196         182         195         176
         112         166         148         164         150         195         176         200         178
         114         160         158         148         150         182         180         176         178
         115         164         150         162         149         200         178         199         177
          79         200         199         198         197         124         123         110         109
          77         196         195         194         193         127         125         113         108
          76         194         193         192         198         113         108         112         110
          78         195         200         193         198         125         124         108         110
          79         192         198         191         197         112         110         111         109
          71         192         191         190         189         112         111         107         106
          69         196         194         188         187         127         113         126         105
          68         188         187         186         190         126         105         129         107
          70         194         192         187         190         113         112         105         107
          71         186         190         185         189         129         107         128         106
          95         186         185         184         183         129         128         119         118
          93         196         188         182         181         127         126         122         117
          92         182         181         180         184         122         117         121         119
          94         188         186         181         184         126         129         117         119
          95         180         184         179         183         121         119         120         118
          87         180         179         178         177         121         120         116         115
          85         196         182         195         176         127         122         125         114
          84         195         176         200         178         125         114         124         116
          86         182         180         176         178         122         121         114         116
          87         200         178         199         177         124         116         123         115
          75         124         123         110         109         225         224         223         222
          73         127         125         113         108         221         220         219         218
          72         113         108         112         110         219         218         217         223
          74         125         124         108         110         220         225         218         223
          75         112         110         111         109         217         223         216         222
          67         112         111         107         106         217         216         215         214
          65         127         113         126         105         221         219         213         212
          64         126         105         129         107         213         212         211         215
          66         113         112         105         107         219         217         212         215
          67         129         107         128         106         211         215         210         214
          91         129         128         119         118         211         210         209         208
          89         127         126         122         117         221         213         207         206
          88         122         117         121         119         207         206         205         209
          90         126         129         117         119         213         211         206         209
          91         121         119         120         118         205         209         204         208
          83         121         120         116         115         205         204         203         202
          81         127         122         125         114         221         207         220         201
          80         125         114         124         116         220         201         225         203
          82         122         121         114         116         207         205         201         203
          83         124         116         123         115         225         203         224         202
          47         225         224         223         222          74          73          60          59
          45         221         220         219         218          77          75          63          58
          44         219         218         217         223          63          58          62          60
          46         220         225         218         223          75          74          58          60
          47         217         223         216         222          62          60          61          59
          39         217         216         215         214          62          61          57          56
          37         221         219         213         212          77          63          76          55
          36         213         212         211         215          76          55          79          57
          38         219         217         212         215          63          62          55          57
          39         211         215         210         214          79          57          78          56
          63         211         210         209         208          79          78          69          68
          61         221         213         207         206          77          76          72          67
          60         207         206         205         209          72          67          71          69
          62         213         211         206         209          76          79          67          69
          63         205         209         204         208          71          69          70          68
          55         205         204         203         202          71          70          66          65
          53         221         207         220         201          77          72          75          64
          52         220         201         225         203          75          64          74          66
          54         207         205         201         203          72          71          64          66
          55         225         203         224         202          74          66          73          65
          43          74          73          60          59         104         103         102         101
          41          77          75          63          58         100          99          98          97
          40          63          58          62          60          98          97          96         102
          42          75          74          58          60          99         104          97         102
          43          62          60          61          59          96         102          95         101
          35          62          61          57          56          96          95          94          93
          33          77          63          76          55         100          98          92          91
          32          76          55          79          57          92          91          90          94
          34          63          62          55          57          98          96          91          94
          35          79          57          78          56          90          94          89          93
          59          79          78          69          68          90          89          88          87
          57          77          76          72          67         100          92          86          85
          56          72          67          71          69          86          85          84          88
          58          76          79          67          69          92          90          85          88
          59          71          69          70          68          84          88          83          87
          51          71          70          66          65          84          83          82          81
          49          77          72          75          64         100          86          99          80
          48          75          64          74          66          99          80         104          82
          50          72          71          64          66          86          84          80          82
          51          74          66          73          65         104          82         103          81
          15         104         103         102         101          49          48          18          17
          13         100          99          98          97          52          50          24          16
          12          98          97          96         102          24          16          23          18
          14          99         104          97         102          50          49          16          18
          15          96         102          95         101          23          18          22          17
           7          96          95          94          93          23          22          13          12
           5         100          98          92          91          52          24          51          11
           4          92          91          90          94          51          11          54          13
           6          98          96          91          94          24          23          11          13
           7          90          94          89          93          54          13          53          12
          31          90          89          88          87          54          53          34          33
          29         100          92          86          85          52          51          40          32
          28          86          85          84          88          40          32          39          34
          30          92          90          85          88          51          54          32          34
          31          84          88          83          87          39          34          38          33
          23          84          83          82          81          39          38          29          28
          21         100          86          99          80          52          40          50          27
          20          99          80         104          82          50          27          49          29
          22          86          84          80          82          40          39          27          29
          23         104          82         103          81          49          29          48          28
          11          49          48          18          17          42          41          15           4
           9          52          50          24          16          45          43          21          14
           8          24          16          23          18          21          14          20          15
          10          50          49          16          18          43          42          14          15
          11          23          18          22          17          20          15          19           4
           3          23          22          13          12          20          19          10           3
           1          52          24          51          11          45          21          44           9
           0          51          11          54          13          44           9          47          10
           2          24          23          11          13          21          20           9          10
           3          54          13          53          12          47          10          46           3
          27          54          53          34          33          47          46          31           2
          25          52          51          40          32          45          44          37          30
          24          40          32          39          34          37          30          36          31
          26          51          54          32          34          44          47          30          31
          27          39          34          38          33          36          31          35           2
          19          39          38          29          28          36          35          26           1
          17          52          40          50          27          45          37          43          25
          16          50          27          49          29          43          25          42          26
          18          40          39          27          29          37          36          25          26
          19          49          29          48          28          42          26          41           1
